// Jest Snapshot v1, https://goo.gl/fbAQLP

exports[`App should display pass in number 1`] = `
<div>
  <button
    class="sc-bcPKhP kQiXYg"
    priority="primary"
    type="button"
  >
    Example
  </button>
</div>
`;
