// Jest Snapshot v1, https://goo.gl/fbAQLP

exports[`Card Should render child content correctly 1`] = `
<div>
  <div
    data-testid="card"
    style="width: 100%; height: auto; padding: 24px; border: 1px solid #232323; border-radius: 12px; font-size: 14px; cursor: pointer; background: transparent;"
  >
    Example
  </div>
</div>
`;
